Comparing working directory to empty tree.
[92;40mA file1.txt[0m
[92;40mA file2.txt[0m
